08-11 13:47:50.595 29176 29176 I A00000/StellariumEntryGL: Stellarium command getConfigString
08-11 13:47:50.595 29176 29176 I A00000/StellariumQt: [     3.528][INFO] [StellariumOhos] command received: "getConfigString" "astronomy/flag_use_km_for_distance"
08-11 13:47:50.595 29176 29176 I A00000/StellariumEntryGL: Stellarium command getLimitMagnitude
08-11 13:47:50.595 29176 29176 I A00000/StellariumQt: [     3.528][INFO] [StellariumOhos] command received: "getLimitMagnitude" ""
08-11 13:47:50.595 29176 29176 I A00000/StellariumEntryGL: Stellarium command setVerticalClamp
08-11 13:47:50.595 29176 29176 I A00000/StellariumQt: [     3.528][INFO] [StellariumOhos] command received: "setVerticalClamp" "1"
08-11 13:47:50.595 29176 29176 I A00000/StellariumEntryGL: Stellarium command setFlatHorizon
08-11 13:47:50.595 29176 29176 I A00000/StellariumQt: [     3.528][INFO] [StellariumOhos] command received: "setFlatHorizon" "1"
08-11 13:47:50.595 29176 29176 I A00000/StellariumEntryGL: Stellarium command setActionChecked
08-11 13:47:50.595 29176 29176 I A00000/StellariumQt: [     3.528][INFO] [StellariumOhos] command received: "setActionChecked" "actionShow_Zenith_Nadir|1"
08-11 13:47:50.784 29176 29176 I A00000/StellariumEntryGL: Stellarium command getFPS
08-11 13:47:50.784 29176 29176 I A00000/StellariumQt: [     3.717][INFO] [StellariumOhos] command received: "getFPS" ""
08-11 13:47:50.795 29176 29176 I A00000/StellariumEntryGL: Stellarium command getSkyCultures
08-11 13:47:50.795 29176 29176 I A00000/StellariumQt: [     3.728][INFO] [StellariumOhos] command received: "getSkyCultures" ""
08-11 13:47:50.795 29176 29176 I A00000/StellariumEntryGL: Stellarium command getLandscapeList
08-11 13:47:50.795 29176 29176 I A00000/StellariumQt: [     3.728][INFO] [StellariumOhos] command received: "getLandscapeList" ""
08-11 13:47:50.795 29176 29176 I A00000/StellariumEntryGL: Stellarium command getScriptList
08-11 13:47:50.795 29176 29176 I A00000/StellariumQt: [     3.728][INFO] [StellariumOhos] command received: "getScriptList" ""
08-11 13:47:50.795 29176 29176 I A00000/StellariumEntryGL: Stellarium command getLoadedModuleNames
08-11 13:47:50.795 29176 29176 I A00000/StellariumQt: [     3.728][INFO] [StellariumOhos] command received: "getLoadedModuleNames" ""
08-11 13:47:50.795 29176 29176 I A00000/StellariumEntryGL: Stellarium command getProjectionList
08-11 13:47:50.795 29176 29176 I A00000/StellariumQt: [     3.728][INFO] [StellariumOhos] command received: "getProjectionList" ""
08-11 13:47:50.795 29176 29176 I A00000/StellariumEntryGL: Stellarium command getConfigString
08-11 13:47:50.795 29176 29176 I A00000/StellariumQt: [     3.729][INFO] [StellariumOhos] command received: "getConfigString" "astronomy/flag_use_km_for_distance"
08-11 13:47:50.795 29176 29176 I A00000/StellariumEntryGL: Stellarium command getLimitMagnitude
08-11 13:47:50.795 29176 29176 I A00000/StellariumQt: [     3.729][INFO] [StellariumOhos] command received: "getLimitMagnitude" ""
08-11 13:47:50.795 29176 29176 I A00000/StellariumEntryGL: Stellarium command setVerticalClamp
08-11 13:47:50.795 29176 29176 I A00000/StellariumQt: [     3.729][INFO] [StellariumOhos] command received: "setVerticalClamp" "1"
08-11 13:47:50.795 29176 29176 I A00000/StellariumEntryGL: Stellarium command setFlatHorizon
08-11 13:47:50.795 29176 29176 I A00000/StellariumQt: [     3.729][INFO] [StellariumOhos] command received: "setFlatHorizon" "1"
08-11 13:47:50.795 29176 29176 I A00000/StellariumEntryGL: Stellarium command setActionChecked
08-11 13:47:50.795 29176 29176 I A00000/StellariumQt: [     3.729][INFO] [StellariumOhos] command received: "setActionChecked" "actionShow_Zenith_Nadir|1"
08-11 13:47:50.996 29176 29176 I A00000/StellariumEntryGL: Stellarium command getSkyCultures
08-11 13:47:50.996 29176 29176 I A00000/StellariumQt: [     3.929][INFO] [StellariumOhos] command received: "getSkyCultures" ""
08-11 13:47:50.996 29176 29176 I A00000/StellariumEntryGL: Stellarium command getLandscapeList
08-11 13:47:50.996 29176 29176 I A00000/StellariumQt: [     3.929][INFO] [StellariumOhos] command received: "getLandscapeList" ""
08-11 13:47:50.996 29176 29176 I A00000/StellariumEntryGL: Stellarium command getScriptList
08-11 13:47:50.996 29176 29176 I A00000/StellariumQt: [     3.929][INFO] [StellariumOhos] command received: "getScriptList" ""
08-11 13:47:50.996 29176 29176 I A00000/StellariumEntryGL: Stellarium command getLoadedModuleNames
08-11 13:47:50.996 29176 29176 I A00000/StellariumQt: [     3.929][INFO] [StellariumOhos] command received: "getLoadedModuleNames" ""
08-11 13:47:50.996 29176 29176 I A00000/StellariumEntryGL: Stellarium command getProjectionList
08-11 13:47:50.996 29176 29176 I A00000/StellariumQt: [     3.929][INFO] [StellariumOhos] command received: "getProjectionList" ""
08-11 13:47:50.996 29176 29176 I A00000/StellariumEntryGL: Stellarium command getConfigString
08-11 13:47:50.996 29176 29176 I A00000/StellariumQt: [     3.929][INFO] [StellariumOhos] command received: "getConfigString" "astronomy/flag_use_km_for_distance"
08-11 13:47:50.996 29176 29176 I A00000/StellariumEntryGL: Stellarium command getLimitMagnitude
08-11 13:47:50.996 29176 29176 I A00000/StellariumQt: [     3.929][INFO] [StellariumOhos] command received: "getLimitMagnitude" ""
08-11 13:47:50.996 29176 29176 I A00000/StellariumEntryGL: Stellarium command setVerticalClamp
08-11 13:47:50.996 29176 29176 I A00000/StellariumQt: [     3.929][INFO] [StellariumOhos] command received: "setVerticalClamp" "1"
08-11 13:47:50.996 29176 29176 I A00000/StellariumEntryGL: Stellarium command setFlatHorizon
08-11 13:47:50.996 29176 29176 I A00000/StellariumQt: [     3.929][INFO] [StellariumOhos] command received: "setFlatHorizon" "1"
08-11 13:47:50.996 29176 29176 I A00000/StellariumEntryGL: Stellarium command setActionChecked
08-11 13:47:50.996 29176 29176 I A00000/StellariumQt: [     3.930][INFO] [StellariumOhos] command received: "setActionChecked" "actionShow_Zenith_Nadir|1"
08-11 13:47:51.049 29176 29361 I A00000/StellariumQt: [     3.982][INFO] Loaded 895910 discovery circumstances records for minor planets...
08-11 13:47:51.052 29176 29361 W A00000/StellariumQt: [     3.985][WARN] SSE: Comet cross-index data: Overwriting entry for "453P"
08-11 13:47:51.052 29176 29361 W A00000/StellariumQt: [     3.985][WARN] SSE: Comet cross-index data: Overwriting entry for "467P"
08-11 13:47:51.052 29176 29361 W A00000/StellariumQt: [     3.985][WARN] SSE: Comet cross-index data: Overwriting entry for "465P"
08-11 13:47:51.052 29176 29361 W A00000/StellariumQt: [     3.985][WARN] SSE: Comet cross-index data: Overwriting entry for "466P"
08-11 13:47:51.053 29176 29361 W A00000/StellariumQt: [     3.986][WARN] SSE: Comet cross-index data: Overwriting entry for "468P"
08-11 13:47:51.053 29176 29361 W A00000/StellariumQt: [     3.986][WARN] SSE: Comet cross-index data: Overwriting entry for "470P"
08-11 13:47:51.053 29176 29361 W A00000/StellariumQt: [     3.986][WARN] SSE: Comet cross-index data: Overwriting entry for "472P"
08-11 13:47:51.053 29176 29361 W A00000/StellariumQt: [     3.986][WARN] SSE: Comet cross-index data: Overwriting entry for "475P"
08-11 13:47:51.053 29176 29361 W A00000/StellariumQt: [     3.986][WARN] SSE: Comet cross-index data: Overwriting entry for "477P"
08-11 13:47:51.053 29176 29361 W A00000/StellariumQt: [     3.986][WARN] SSE: Comet cross-index data: Overwriting entry for "473P"
08-11 13:47:51.053 29176 29361 W A00000/StellariumQt: [     3.986][WARN] SSE: Comet cross-index data: Overwriting entry for "476P"
08-11 13:47:51.053 29176 29361 W A00000/StellariumQt: [     3.986][WARN] SSE: Comet cross-index data: Overwriting entry for "479P"
08-11 13:47:51.053 29176 29361 W A00000/StellariumQt: [     3.986][WARN] SSE: Comet cross-index data: Overwriting entry for "480P"
08-11 13:47:51.053 29176 29361 W A00000/StellariumQt: [     3.986][WARN] SSE: Comet cross-index data: Overwriting entry for "481P"
08-11 13:47:51.053 29176 29361 I A00000/StellariumQt: [     3.987][INFO] Loaded 2576 discovery circumstances records for comets...
08-11 13:47:51.062 29176 29361 I A00000/StellariumQt: [     3.995][INFO] OpenGL viewport size: 1025 x 769
08-11 13:47:51.062 29176 29361 I A00000/StellariumQt: [     3.995][INFO] Creating scene FBO with size 1025x768.75
08-11 13:47:51.078 29176 29361 W A00000/StellariumCpp: StelRootItem paint reached
08-11 13:47:51.078 29176 29361 I A00000/StellariumQt: [     4.011][INFO] OpenHarmony native frame bridge resolved.
08-11 13:47:51.078 29176 29361 W A00000/StellariumCpp: zero-copy frame bridge resolved
08-11 13:47:51.080 29176 29361 W A00000/StellariumCpp: framebuffer viewport 1025x768
08-11 13:47:51.097 29176 29361 I A00000/StellariumEntryGL: zero-copy EGL texture sharing enabled
08-11 13:47:51.107 29176 29361 I A00000/StellariumEntryGL: displayed zero-copy Stellarium texture 1025x768
08-11 13:47:51.118 29176 29361 W A00000/StellariumCpp: startOhosRenderPump entered
08-11 13:47:51.118 29176 29361 W A00000/StellariumCpp: ohosDrainCommandQueue ran n=10
08-11 13:47:51.118 29176 29361 I A00000/StellariumQt: [     4.051][INFO] [StellariumOhos] command on Qt thread: "getSkyCultures"
08-11 13:47:51.118 29176 29361 I A00000/StellariumQt: [     4.051][INFO] [StellariumOhos] command on Qt thread: "getLandscapeList"
08-11 13:47:51.124 29176 29361 I A00000/StellariumQt: [     4.057][INFO] [StellariumOhos] command on Qt thread: "getScriptList"
08-11 13:47:51.125 29176 29361 I A00000/StellariumQt: [     4.058][INFO] [StellariumOhos] command on Qt thread: "getLoadedModuleNames"
08-11 13:47:51.125 29176 29361 I A00000/StellariumQt: [     4.058][INFO] [StellariumOhos] command on Qt thread: "getProjectionList"
08-11 13:47:51.125 29176 29361 I A00000/StellariumQt: [     4.058][INFO] [StellariumOhos] command on Qt thread: "getConfigString"
08-11 13:47:51.125 29176 29361 I A00000/StellariumQt: [     4.058][INFO] [StellariumOhos] command on Qt thread: "getLimitMagnitude"
08-11 13:47:51.125 29176 29361 I A00000/StellariumQt: [     4.058][INFO] [StellariumOhos] command on Qt thread: "setVerticalClamp"
08-11 13:47:51.125 29176 29361 I A00000/StellariumQt: [     4.058][INFO] [StellariumOhos] command on Qt thread: "setFlatHorizon"
08-11 13:47:51.125 29176 29361 I A00000/StellariumQt: [     4.058][INFO] [StellariumOhos] command on Qt thread: "setActionChecked"
08-11 13:47:51.134 29176 29361 I A00000/StellariumFps: frame: total=16.0ms cmd=7.0ms setup=0.0ms update=3.0ms draw=3.0ms submit=3.0ms interval=8ms maxFps=1 fps=0.3
08-11 13:47:51.134 29176 29361 W A00000/StellariumQt: [     4.067][WARN] Started OpenHarmony render pump.
08-11 13:47:51.134 29176 29361 D A00000/StellariumQt: [     4.067][DBG ] Max thread count (Global Pool):  4
08-11 13:47:51.159 29176 29361 W A00000/StellariumQt: [     4.092][WARN] QWidget::paintEngine: Should no longer be called
08-11 13:47:51.159 29176 29361 W A00000/StellariumQt: [     4.093][WARN] QWidget::paintEngine: Should no longer be called
08-11 13:47:51.160 29176 29361 W A00000/StellariumQt: [     4.093][WARN] QWidget::paintEngine: Should no longer be called
08-11 13:47:51.162 29176 29361 I A00000/StellariumQt: [     4.096][INFO] OpenGL viewport size: 2209 x 2415
08-11 13:47:51.162 29176 29361 I A00000/StellariumQt: [     4.096][INFO] Creating scene FBO with size 2209.38x2415.63
08-11 13:47:51.197 29176 29176 I A00000/StellariumEntryGL: Stellarium command getSkyCultures
08-11 13:47:51.197 29176 29176 I A00000/StellariumQt: [     4.130][INFO] [StellariumOhos] command received: "getSkyCultures" ""
08-11 13:47:51.197 29176 29176 I A00000/StellariumEntryGL: Stellarium command setLanguage
08-11 13:47:51.197 29176 29176 I A00000/StellariumQt: [     4.131][INFO] [StellariumOhos] command received: "setLanguage" "zh_CN"
08-11 13:47:51.198 29176 29176 I A00000/StellariumEntryGL: Stellarium command getLandscapeList
08-11 13:47:51.198 29176 29176 I A00000/StellariumQt: [     4.131][INFO] [StellariumOhos] command received: "getLandscapeList" ""
08-11 13:47:51.198 29176 29176 I A00000/StellariumEntryGL: Stellarium command getScriptList
08-11 13:47:51.198 29176 29176 I A00000/StellariumQt: [     4.131][INFO] [StellariumOhos] command received: "getScriptList" ""
08-11 13:47:51.198 29176 29176 I A00000/StellariumEntryGL: Stellarium command getLoadedModuleNames
08-11 13:47:51.198 29176 29176 I A00000/StellariumQt: [     4.131][INFO] [StellariumOhos] command received: "getLoadedModuleNames" ""
08-11 13:47:51.198 29176 29176 I A00000/StellariumEntryGL: Stellarium command getProjectionList
08-11 13:47:51.198 29176 29176 I A00000/StellariumQt: [     4.131][INFO] [StellariumOhos] command received: "getProjectionList" ""
08-11 13:47:51.198 29176 29176 I A00000/StellariumEntryGL: Stellarium command getConfigString
08-11 13:47:51.198 29176 29176 I A00000/StellariumQt: [     4.131][INFO] [StellariumOhos] command received: "getConfigString" "astronomy/flag_use_km_for_distance"
08-11 13:47:51.198 29176 29176 I A00000/StellariumEntryGL: Stellarium command getLimitMagnitude
08-11 13:47:51.198 29176 29176 I A00000/StellariumQt: [     4.131][INFO] [StellariumOhos] command received: "getLimitMagnitude" ""
08-11 13:47:51.198 29176 29176 I A00000/StellariumEntryGL: Stellarium command setVerticalClamp
08-11 13:47:51.198 29176 29176 I A00000/StellariumQt: [     4.131][INFO] [StellariumOhos] command received: "setVerticalClamp" "1"
08-11 13:47:51.198 29176 29176 I A00000/StellariumEntryGL: Stellarium command setFlatHorizon
08-11 13:47:51.198 29176 29176 I A00000/StellariumQt: [     4.131][INFO] [StellariumOhos] command received: "setFlatHorizon" "1"
08-11 13:47:51.198 29176 29176 I A00000/StellariumEntryGL: Stellarium command setActionChecked
08-11 13:47:51.198 29176 29176 I A00000/StellariumQt: [     4.131][INFO] [StellariumOhos] command received: "setActionChecked" "actionShow_Zenith_Nadir|1"
08-11 13:47:51.236 29176 29361 I A00000/StellariumQt: [     4.169][INFO] [StellariumOhos] command on Qt thread: "setLanguage"
08-11 13:47:51.236 29176 29361 I A00000/StellariumQt: [     4.169][INFO] Application language: zh_CN
08-11 13:47:51.236 29176 29361 I A00000/StellariumQt: [     4.169][INFO] Sky language: zh_CN
08-11 13:47:51.236 29176 29361 I A00000/StellariumQt: [     4.169][INFO] Planetary features language: zh_CN
08-11 13:47:51.236 29176 29361 I A00000/StellariumQt: [     4.169][INFO] Scripts language: zh_CN
08-11 13:47:51.236 29176 29361 I A00000/StellariumQt: [     4.169][INFO] Sky culture description language: zh_CN
08-11 13:47:51.284 29176 29176 I A00000/StellariumEntryGL: Stellarium command getFPS
08-11 13:47:51.284 29176 29176 I A00000/StellariumQt: [     4.217][INFO] [StellariumOhos] command received: "getFPS" ""
08-11 13:47:51.398 29176 29176 I A00000/StellariumEntryGL: Stellarium command setLanguage
08-11 13:47:51.398 29176 29176 I A00000/StellariumQt: [     4.331][INFO] [StellariumOhos] command received: "setLanguage" "zh_CN"
08-11 13:47:51.784 29176 29176 I A00000/StellariumEntryGL: Stellarium command getFPS
08-11 13:47:51.784 29176 29176 I A00000/StellariumQt: [     4.717][INFO] [StellariumOhos] command received: "getFPS" ""
08-11 13:47:51.812 29176 29361 I A00000/StellariumFps: frame: total=22.0ms cmd=0.0ms setup=0.0ms update=1.0ms draw=3.0ms submit=18.0ms interval=8ms maxFps=1 fps=0.3
08-11 13:47:52.620 29176 29361 I A00000/StellariumFps: frame: total=6.0ms cmd=0.0ms setup=0.0ms update=1.0ms draw=3.0ms submit=2.0ms interval=33ms maxFps=0 fps=45.8
08-11 13:47:53.609 29176 29361 I A00000/StellariumFps: frame: total=5.0ms cmd=0.0ms setup=0.0ms update=0.0ms draw=4.0ms submit=1.0ms interval=33ms maxFps=0 fps=30.3
08-11 13:47:54.396 29176 29176 I A00000/StellariumArkUI: setPanel search
08-11 13:47:54.408 29176 29176 I A00000/StellariumEntryGL: Stellarium command listObjects
08-11 13:47:54.408 29176 29176 I A00000/StellariumQt: [     7.341][INFO] [StellariumOhos] command received: "listObjects" "SolarSystem:planet|60|0"
08-11 13:47:54.428 29176 29361 I A00000/StellariumQt: [     7.361][INFO] [StellariumOhos] command on Qt thread: "listObjects"
08-11 13:47:54.428 29176 29361 I A00000/StellariumQt: [     7.361][INFO] [StellariumOhos][catalog-page] module= "SolarSystem:planet" offset= 0 returned= 8 total= 8
08-11 13:47:54.509 29176 29176 I A00000/StellariumEntryGL: Stellarium command listObjects
08-11 13:47:54.509 29176 29176 I A00000/StellariumQt: [     7.443][INFO] [StellariumOhos] command received: "listObjects" "SolarSystem:planet|60|0"
